Godot Engine v4.7.stable.official.5b4e0cb0f - https://godotengine.org

DRY RUN - does not count: declared fixture start (see header)
DRY RUN: resumed from checkpoint user://twlane_chains2/ck_3/ (after garden) loaded=true
WARNING: instance_reset_physics_interpolation() is deprecated.
     at: _instance_reset_physics_interpolation_bind_compat_104269 (servers/rendering/rendering_server.compat.inc:62)
     GDScript backtrace (most recent call first):
         [0] _ready (res://scripts/world/water_world.gd:63)
         [1] _build_world (res://tests/smoke_tidewake_b_chain_route.gd:232)
         [2] _run (res://tests/smoke_tidewake_b_chain_route.gd:201)
[water vegetation] 10439 instances in 1346 model batches; layers={"groundcover":6211,"rocks":656,"shrubs":2755,"trees":817} islands={"brine_steps":651,"deep_watch":537,"drowned_garden":1111,"first_shore":1101,"gull_rest":550,"lantern_cove":718,"reedhaven":1273,"salt_crown":897,"shellwatch":1089,"sluice_isle":996,"tidal_cradle":1509,"veilfall":7}
[grass_field] grass ring: 57836 instances over 9 lattice layers (tuft_count asked for 54000), 16m cull tiles
[grass_field] cover tier strand_bushes 2104 instances over 2 lattice layers (count 2200)
[grass_field] cover tier strand_flowers 1920 instances over 2 lattice layers (count 1800)
[grass_field] 2 cover tier(s) up
[grass_field] bound: 57836 tufts, radius 56m, region_size 512, vertex_spacing 1.0, 1024 region slots
WALK start of salt_crown_to_sluice_isle_sheltered island=salt_crown walked=583m legs=88
SWIM salt_crown_to_sluice_isle_sheltered swum=240m min_stamina=64.8 rest_frames=164 health 96->96 dry=true elapsed_s=116
WALK water_orsen island=sluice_isle walked=998m legs=156
TALK water_orsen conversation=water_orsen_pre hud=''
WALK start of sluice_isle_to_deep_watch_sheltered island=sluice_isle walked=551m legs=80
SWIM sluice_isle_to_deep_watch_sheltered swum=170m min_stamina=69.4 rest_frames=149 health 96->96 dry=true elapsed_s=87
TIDECOIL { "won": true, "resolved": true, "outcome": "won", "engaged_by": "interact_engage", "step": "won", &"shore_kind": "low_shore", &"shore": (1269.36, -0.43, 3385.175), &"walked_to_shore_m": 18.0, &"engage_prompt": "[img=36x36]res://assets/ui/input_prompts/xbox_button_x.png[/img]   Engage Tidecoil, the Abyss Serpent", &"closest_approach_m": 6.0, &"swimming_at_engage": false, &"opponent": "water_deep_watch_tidecoil", &"timed_out": false, &"fight_frames": 3917, &"fight_seconds": 65.3, &"hits_dealt": 74, &"hits_taken": 11, &"charged": 14, &"quick": 65, &"switches": 3, &"fainted": "0/5" }
TIDECOIL { "won": true, "resolved": true, "outcome": "won", "engaged_by": "interact_engage", "step": "won", &"shore_kind": "low_shore", &"shore": (1269.36, -0.43, 3385.175), &"walked_to_shore_m": 18.0, &"engage_prompt": "[img=36x36]res://assets/ui/input_prompts/xbox_button_x.png[/img]   Engage Tidecoil, the Abyss Serpent", &"closest_approach_m": 6.0, &"swimming_at_engage": false, &"opponent": "water_deep_watch_tidecoil", &"timed_out": false, &"fight_frames": 3917, &"fight_seconds": 65.3, &"hits_dealt": 74, &"hits_taken": 11, &"charged": 14, &"quick": 65, &"switches": 3, &"fainted": "0/5" }
WALK Tidecoil return to the engage stand island=deep_watch walked=8m legs=2
WALK Tidecoil return to the Deep Watch landing island=deep_watch walked=18m legs=3
WALK start of sluice_isle_to_deep_watch_sheltered (reversed) island=deep_watch walked=1m legs=1
SWIM sluice_isle_to_deep_watch_sheltered (reversed) swum=170m min_stamina=73.5 rest_frames=133 health 96->96 dry=true elapsed_s=81
WALK water_orsen island=sluice_isle walked=552m legs=80
TALK water_orsen conversation=water_orsen_deep_watch_chart_lead hud=''
WALK start of sluice_isle_to_deep_watch_sheltered island=sluice_isle walked=551m legs=80
SWIM sluice_isle_to_deep_watch_sheltered swum=170m min_stamina=70.6 rest_frames=145 health 96->96 dry=true elapsed_s=87
WALK water:deep_watch:pickup:002 island=deep_watch walked=233m legs=31
CLAIM water:deep_watch:pickup:002 skill_candy_iii 0->1
WALK deep_watch_chart island=deep_watch walked=218m legs=29
WALK start of sluice_isle_to_deep_watch_sheltered (reversed) island=deep_watch walked=13m legs=2
SWIM sluice_isle_to_deep_watch_sheltered (reversed) swum=170m min_stamina=74.6 rest_frames=131 health 96->96 dry=true elapsed_s=81
WALK water_orsen island=sluice_isle walked=552m legs=80
TALK water_orsen conversation=water_orsen_deep_watch_charted hud=''
CHAIN side_water_deep_watch_chart PASS reward=Candy III +1 ack=water_orsen_deep_watch_charted
CHECKPOINT user://twlane_chains2/ck_4/ slot=2 after deep saved=true at (848.6763, 116.7177, 2984.501)
[water vegetation] 10439 instances in 1346 model batches; layers={"groundcover":6211,"rocks":656,"shrubs":2755,"trees":817} islands={"brine_steps":651,"deep_watch":537,"drowned_garden":1111,"first_shore":1101,"gull_rest":550,"lantern_cove":718,"reedhaven":1273,"salt_crown":897,"shellwatch":1089,"sluice_isle":996,"tidal_cradle":1509,"veilfall":7}
[grass_field] grass ring: 57836 instances over 9 lattice layers (tuft_count asked for 54000), 16m cull tiles
[grass_field] cover tier strand_bushes 2104 instances over 2 lattice layers (count 2200)
[grass_field] cover tier strand_flowers 1920 instances over 2 lattice layers (count 1800)
[grass_field] 2 cover tier(s) up
[grass_field] bound: 57836 tufts, radius 56m, region_size 512, vertex_spacing 1.0, 1024 region slots
WALK water_orsen island=sluice_isle walked=0m legs=1
TALK water_orsen conversation=water_orsen_deep_watch_charted hud=''
CHAIN side_water_deep_watch_chart PASS reward=Candy III +1 ack=water_orsen_deep_watch_charted
RELOAD deep water_orsen -> water_orsen_deep_watch_charted
POSES (0 disclosed position writes):
Walked total 4278m with left-stick input
SWIMS (5 inter-island crossings with real move_forward input):
  SWIM salt_crown_to_sluice_isle_sheltered swum=240m min_stamina=64.8 rest_frames=164 health 96->96 dry=true elapsed_s=116
  SWIM sluice_isle_to_deep_watch_sheltered swum=170m min_stamina=69.4 rest_frames=149 health 96->96 dry=true elapsed_s=87
  SWIM sluice_isle_to_deep_watch_sheltered (reversed) swum=170m min_stamina=73.5 rest_frames=133 health 96->96 dry=true elapsed_s=81
  SWIM sluice_isle_to_deep_watch_sheltered swum=170m min_stamina=70.6 rest_frames=145 health 96->96 dry=true elapsed_s=87
  SWIM sluice_isle_to_deep_watch_sheltered (reversed) swum=170m min_stamina=74.6 rest_frames=131 health 96->96 dry=true elapsed_s=81
RIDES (0 crossings ridden on the owned swimmer):
Tidewake-B chain route witness: 115 checks, 0 failures
exit 0
