Before producer5feb01a622321bf94d61a61e2f3703b8c666d015: one method added to existing test_encounter_host_wind_publish.gd, product unchanged. Existing runner --only=test_encounter_host_wind_publish.gd::test_profile_changes_regenerate_the_previous_interval_before_installing_the_new_profile. Native Windows Godot4.7 headless/privateAPPDATA/warm imported cache. Exit1/1test9assertions1failed: actual application18vs9, subsequent publication54vs45 and capacity117vs100; exact raw retained, stderr0/no engine diagnostics.
Test refinement4da254f4b850b8305ad37f57c58b52c9b7ed8ca7 uses actual accepted action3 to empty Wind at3300 before the3800 expiry observation. This separates expiry from activation; previous opposite errors happened to cancel at the expiry oracle. No product change in either test commit.
Product98a05197c3a78576e562006a135d64f0b27852e8: ONLY existing EncounterHost._advance_participant_wind integration order. Accrue elapsed under stored cap/rate, retain Rally overlap calculation, then install/clamp current profile. No new writer, state registry, RPC, save field, harness, fixture, pilot or authored tuning. Notice6013005141 before mutation. Timed Item readiness remains refused.
Affected producer98a05197c3: existing runner --only=test_encounter_host_wind_publish.gd,test_combat_wind.gd,test_f24_host_commands.gd::test_rally,test_f23_live_moves.gd::test_frozen_heal_keeps_actual_profile_uid_resources_and_self_mastery_receipt,test_f23_live_moves.gd::test_self_buff_commits_without_hostile_geometry_and_keeps_original_mastery_and_own_uid.18tests233assertions1failed/exit1. All17 other methods PASS, including new transition, Wind pacing/absolute idempotence, actual shroom multiplier, frozen Heal and selfbuff perUID, Rally-before-first-move. Existing Rally split setup zeroed pool/timestamp at7000 but left stored18/s, then first provided10/s at9000; corrected consumer truthfully earned40.5 rather than old retroactive22.5.
Test-only producer ec953fdbb1efde5230db54c6c7bdf2369737643f replaces manual updated timestamp with real preview(profile10/s,7000) before zeroing Wind. Same22.5 Rally expiry oracle, owner isolation, meter spending, duplicate refusal and forged-owner refusal retained. Existing runner --only=test_f24_host_commands.gd::test_rally_spends_once_affects_only_owner_and_splits_wind_at_expiry PASS1test11assertions0failed/exit0. Reuse17 unchanged passing methods from affected batch; no claim of one clean18-test run. All3stderr files empty; no ERROR/SCRIPT/Parse/WARNING/leak diagnostics in native logs.
Independent /root/f23_audit actual SOURCE+bounded EVIDENCE PASS after reviewing exact diff/callers and all terminal raw results; no remaining P1/P2 in bounded fix. No Item mounting/controller/acquisition/2peer/rejoin/visual/nativefight/criterion credit. Flags OFF/allF24 criteriaOPEN. Protected rejoin scope6012928902 remains pending.
Known foreign R1 capacity1364/10056 and later recovery7608/17924 preserved. Focused warm-cache units use WORKFLOW4 exemption, privateAPPDATA D:/tetherbound/.artifacts/r4-user, no import/export/render/world load/lease mutation/performance claim. No hosted dispatch under landingCIhold or new PR. Raw files copied byte-for-byte from .artifacts/r4-wind-profile-{first,final-98a051,rally-final}, SHA256 equality checked; -text preserves native CRLF.

Verified raw file hashes/index blobs:
wind-profile-affected-exit-code.log SHA256=6B86B273FF34FCE19D6B804EFF5A3F5747ADA4EAA22F1D49C01E52DDB7875B4B blob=56a6051ca2b02b04ef92d5150c9ef600403cb1de
wind-profile-affected-native.log SHA256=88E228295C5C937B626CB2ACF57A138D4CE8D0F7B05101F59347036E262A5B9D blob=68bcd3e6647e4941447cede0a51fa5ea04ad7009
wind-profile-affected-run.log SHA256=0EE33939815B9916697C92F76A6274E9A37C1416E93A2FFE98B03F986FD5D0E0 blob=a6a8bd2d84d75daa7b3a5f62e994ed9d7902504b
wind-profile-affected-stderr.log SHA256=E3B0C44298FC1C149AFBF4C8996FB92427AE41E4649B934CA495991B7852B855 blob=e69de29bb2d1d6434b8b29ae775ad8c2e48c5391
wind-profile-first-exit-code.log SHA256=6B86B273FF34FCE19D6B804EFF5A3F5747ADA4EAA22F1D49C01E52DDB7875B4B blob=56a6051ca2b02b04ef92d5150c9ef600403cb1de
wind-profile-first-native.log SHA256=34148FA90DB619305AFE80C413E91E77CB8A16D8BBD791EF6F7823D9B3FFFDD2 blob=af7b83485e4714bddbaf3d273dfc19d1b1c28963
wind-profile-first-run.log SHA256=3466678FF8A1426E81EDBCB832240471D58353AC91CCAEBDB850058506B64E5A blob=e0b3edb821e42b125b8c5ffb0b84372dfe8e8e71
wind-profile-first-stderr.log SHA256=E3B0C44298FC1C149AFBF4C8996FB92427AE41E4649B934CA495991B7852B855 blob=e69de29bb2d1d6434b8b29ae775ad8c2e48c5391
wind-profile-rally-exit-code.log SHA256=5FECEB66FFC86F38D952786C6D696C79C2DBC239DD4E91B46729D73A27FB57E9 blob=c227083464fb9af8955c90d2924774ee50abb547
wind-profile-rally-native.log SHA256=CE6F3A6400F6F65264E8209F4D95EBD06252E6C8E2D91FAD978E9C8E40D2AED0 blob=dd3df25f49c4bdb30a0a847b6cec7cfd788bf962
wind-profile-rally-run.log SHA256=4AC0B30A52499AFB452B533763F398833A53A3F534456970147F611B560B7BCF blob=57c6e7c884d619d39c6fe743146ddfc9704c5ffe
wind-profile-rally-stderr.log SHA256=E3B0C44298FC1C149AFBF4C8996FB92427AE41E4649B934CA495991B7852B855 blob=e69de29bb2d1d6434b8b29ae775ad8c2e48c5391
